MAP
  NAME "INFRAROOD"
  INCLUDE "header.inc"

  WEB
    METADATA
      "ows_title"    "infrarood"
      "ows_abstract" "Infrarood foto's van het grondgebied van de gemeente Amsterdam"
    END
  END

  CONFIG "CPL_VSIL_CURL_ALLOWED_EXTENSIONS" ".tif .ovr"
  CONFIG "GDAL_DISABLE_READDIR_ON_OPEN"     "TRUE"

  #-------------------------------------------------------------------
  # UITVOERFORMATEN
  #-------------------------------------------------------------------

  OUTPUTFORMAT
    NAME "GTiff"
    DRIVER GDAL/GTiff
    MIMETYPE "image/tiff"
    IMAGEMODE RGB
    EXTENSION "tif"
  END

  #=============================================================================
  # LAYERS
  #============================================================================= 

  LAYER
    NAME            "infrarood-TILE"
    GROUP           "infrarood"
    TILEINDEX       "/mnt/infrarood/imagery.shp"
    TILEITEM        "location"
    TYPE            RASTER
    PROJECTION
      "init=epsg:28992"
    END

    METADATA
      "ows_title"           "infrarood-tile"
      "ows_group_title"     "infrarood"
      "ows_abstract"        "Infrarood foto's voor Tiling van het grondgebied van de gemeente Amsterdam"
    END
  END

#=============================================================================
END
